[demo.epic-webdesign.com/tf-smart/v2/index.html]
[backblue.gif]
[fade.gif]
[index.html]
[demo.epic-webdesign.com/tf-smart/v2/css/bootstrap.min.css]
[demo.epic-webdesign.com/tf-smart/v2/css/style.css]
[demo.epic-webdesign.com/tf-smart/v2/css/bootstrap-icons.css]
[demo.epic-webdesign.com/tf-smart/v2/css/animate.css]
[demo.epic-webdesign.com/tf-smart/v2/css/style-magnific-popup.css]
[demo.epic-webdesign.com/tf-smart/v2/images/favicon.ico]
[demo.epic-webdesign.com/tf-smart/v2/images/digital-marketing.png]
[demo.epic-webdesign.com/tf-smart/v2/images/testimonials3.jpg]
[demo.epic-webdesign.com/tf-smart/v2/images/testimonials2.jpg]
[demo.epic-webdesign.com/tf-smart/v2/images/testimonials1.jpg]
[demo.epic-webdesign.com/tf-smart/v2/images/partner1.png]
[demo.epic-webdesign.com/tf-smart/v2/images/partner2.png]
[demo.epic-webdesign.com/tf-smart/v2/images/partner3.png]
[demo.epic-webdesign.com/tf-smart/v2/images/partner4.png]
[demo.epic-webdesign.com/tf-smart/v2/images/partner5.png]
[demo.epic-webdesign.com/tf-smart/v2/images/partner6.png]
[demo.epic-webdesign.com/tf-smart/v2/images/partner7.png]
[demo.epic-webdesign.com/tf-smart/v2/images/partner9.png]
[demo.epic-webdesign.com/tf-smart/v2/images/partner8.png]
[demo.epic-webdesign.com/tf-smart/v2/images/team001.jpg]
[demo.epic-webdesign.com/tf-smart/v2/images/team002.jpg]
[demo.epic-webdesign.com/tf-smart/v2/images/team003.jpg]
[demo.epic-webdesign.com/tf-smart/v2/images/testimonials-woman.jpg]
[demo.epic-webdesign.com/tf-smart/v2/images/blog4.jpg]
[demo.epic-webdesign.com/tf-smart/v2/images/blog2.jpg]
[demo.epic-webdesign.com/tf-smart/v2/images/blog3.jpg]
[demo.epic-webdesign.com/tf-smart/v2/js/jquery-3.6.0.min.js]
[demo.epic-webdesign.com/tf-smart/v2/js/bootstrap.min.js]
[demo.epic-webdesign.com/tf-smart/v2/js/jquery.scrollTo-min.js]
[demo.epic-webdesign.com/tf-smart/v2/js/jquery.magnific-popup.min.js]
[demo.epic-webdesign.com/tf-smart/v2/js/jquery.nav.js]
[demo.epic-webdesign.com/tf-smart/v2/js/wow.js]
[demo.epic-webdesign.com/tf-smart/v2/js/plugins.js]
[demo.epic-webdesign.com/tf-smart/v2/js/custom.js]
[demo.epic-webdesign.com/tf-smart/v2/index.html]
[demo.epic-webdesign.com/tf-smart/v2/css/bootstrap.min.css]
[demo.epic-webdesign.com/tf-smart/v2/css/style.css]
[demo.epic-webdesign.com/tf-smart/v2/webfonts/bootstrap-icons.woff2]
[demo.epic-webdesign.com/tf-smart/v2/webfonts/bootstrap-icons.woff]
[demo.epic-webdesign.com/tf-smart/v2/css/bootstrap-icons.css]
[demo.epic-webdesign.com/tf-smart/v2/css/animate.css]
[demo.epic-webdesign.com/tf-smart/v2/css/style-magnific-popup.css]
[demo.epic-webdesign.com/tf-smart/v2/js/jquery-3.6.0.min.js]
[demo.epic-webdesign.com/tf-smart/v2/js/bootstrap.min.js]
[demo.epic-webdesign.com/tf-smart/v2/js/jquery.scrollTo-min.js]
[demo.epic-webdesign.com/tf-smart/v2/js/jquery.magnific-popup.min.js]
[demo.epic-webdesign.com/tf-smart/v2/js/jquery.nav.js]
[demo.epic-webdesign.com/tf-smart/v2/js/wow.js]
[demo.epic-webdesign.com/tf-smart/v2/js/plugins.js]
[demo.epic-webdesign.com/tf-smart/v2/js/custom.js]
